

HI-TECH Software PICC Macro Assembler V8.05PL2
Serial number: HCPIC-00000                            Thu Dec  7 02:02:21 2017

Licensed to: MITSOS FOREVER
     1                           	processor	16F84A
     2                           	opt	pw 79
     3                           	psect	__Z00000RS_,global,delta=1
     4                           	psect	text0,local,class=CODE,delta=2
     5                           	psect	text1,local,class=CODE,delta=2
     6                           	psect	text2,local,class=CODE,delta=2
     7                           	psect	text3,local,class=CODE,delta=2
     8                           	psect	text4,local,class=CODE,delta=2
     9                           	psect	rbss_0,global,class=BANK0,space=1,delta=
      +                          1
    10                           	psect	temp,global,ovrld,class=BANK0,space=1,de
      +                          lta=1
    11  0000                     
    12  0000                     
    13  0000                     
    14  0000                     
    15  0000                     
    16  0000                     
    17  0000                     
    18  0000                     
    19  0000                     
    20  0000                     
    21                           
    22                           	psect	__Z00000RS_
    23  0028                     
    24  0028                     
    25                           
    26                           	psect	text0
    27  028C                     _hc595Begin
    28                           ;hc595.c: 21: TRISA = 0b00000000;
    29  028C  1683               	bsf	3,5
    30  028D  0185               	clrf	5	;volatile
    31                           ;hc595.c: 22: fpa = PORTA;
    32  028E  1283               	bcf	3,5
    33  028F  0805               	movf	5,w	;volatile
    34  0290  00A0               	movwf	_fpa
    35                           ;hc595.c: 23: }
    36  0291  0008               	return
    37                           
    38                           	psect	text1
    39  02BE                     _hc595Init
    40                           ;hc595.c: 26: fpa=PORTA;
    41  02BE  1283               	bcf	3,5
    42  02BF  0805               	movf	5,w	;volatile
    43  02C0  00A0               	movwf	_fpa
    44                           ;hc595.c: 28: ((fpa) |= (1 << (0)));
    45  02C1  1420               	bsf	_fpa,0
    46                           ;hc595.c: 29: ((fpa) &= ~(1 << (1)));
    47  02C2  10A0               	bcf	_fpa,1
    48                           ;hc595.c: 30: ((fpa) &= ~(1 << (2)));
    49  02C3  1120               	bcf	_fpa,2
    50                           ;hc595.c: 31: ((fpa) &= ~(1 << (3)));
    51  02C4  11A0               	bcf	_fpa,3
    52                           ;hc595.c: 33: PORTA=fpa;
    53  02C5  0820               	movf	_fpa,w
    54  02C6  0085               	movwf	5	;volatile
    55                           ;hc595.c: 34: }
    56  02C7  0008               	return
    57                           
    58                           	psect	text2
    59  0369                     _hc595Data
    60                           ;	_paquete assigned to ?a_hc595Data+0
    61  0000                     _hc595Data$paquete	set	?a_hc595Data
    62                           ;	_i assigned to ?a_hc595Data+1
    63  0000                     _hc595Data$i	set	?a_hc595Data+1
    64                           ;_paquete stored from w
    65  0369  1283               	bcf	3,5
    66  036A  00A3               	movwf	?a_hc595Data
    67                           ;hc595.c: 38: char i;
    68  036B  01A4               	clrf	?a_hc595Data+1
    69  036C                     l4
    70                           ;hc595.c: 42: {
    71                           ;hc595.c: 44: if (((paquete) & (1 << (7-i))))
    72  036C  3001               	movlw	1
    73  036D  00A6               	movwf	btemp
    74  036E  0824               	movf	?a_hc595Data+1,w
    75  036F  3C07               	sublw	7
    76  0370  00A7               	movwf	btemp+1
    77  0371  0AA7               	incf	btemp+1
    78  0372  2B75               	goto	u14
    79  0373                     u15
    80  0373  1003               	bcf	3,0
    81  0374  0DA6               	rlf	btemp
    82  0375                     u14
    83  0375  0BA7               	decfsz	btemp+1
    84  0376  2B73               	goto	u15
    85  0377  0826               	movf	btemp,w
    86  0378  0523               	andwf	?a_hc595Data,w
    87  0379  1903               	btfsc	3,2
    88  037A  2B7D               	goto	l7
    89                           ;hc595.c: 45: ((fpa) |= (1 << (4)));
    90  037B  1620               	bsf	_fpa,4
    91                           ;hc595.c: 46: else
    92  037C  2B7E               	goto	l8
    93  037D                     l7
    94                           ;hc595.c: 47: ((fpa) &= ~(1 << (4)));
    95  037D  1220               	bcf	_fpa,4
    96  037E                     l8
    97                           ;hc595.c: 49: PORTA=fpa;
    98  037E  0820               	movf	_fpa,w
    99  037F  0085               	movwf	5	;volatile
   100                           ;hc595.c: 50: delay(1);
   101  0380  3001               	movlw	1
   102  0381  1283               	bcf	3,5
   103  0382  22D3               	call	_delay
   104                           ;hc595.c: 52: ((fpa) |= (1 << (1)));
   105  0383  14A0               	bsf	_fpa,1
   106                           ;hc595.c: 53: PORTA=fpa;
   107  0384  0820               	movf	_fpa,w
   108  0385  0085               	movwf	5	;volatile
   109                           ;hc595.c: 54: delay(1);
   110  0386  3001               	movlw	1
   111  0387  22D3               	call	_delay
   112                           ;hc595.c: 55: ((fpa) &= ~(1 << (1)));
   113  0388  10A0               	bcf	_fpa,1
   114                           ;hc595.c: 56: PORTA=fpa;
   115  0389  0820               	movf	_fpa,w
   116  038A  0085               	movwf	5	;volatile
   117                           ;hc595.c: 58: }
   118  038B  0AA4               	incf	?a_hc595Data+1
   119  038C  3008               	movlw	8
   120  038D  0224               	subwf	?a_hc595Data+1,w
   121  038E  1803               	btfsc	3,0
   122  038F  0008               	return
   123  0390  2B6C               	goto	l4
   124                           
   125                           	psect	text3
   126                           ;hc595.c: 61: void hc595End(void){
   127  02A5                     _hc595End
   128                           ;hc595.c: 62: ((fpa) |= (1 << (0)));
   129  02A5  1283               	bcf	3,5
   130  02A6  1420               	bsf	_fpa,0
   131                           ;hc595.c: 63: ((fpa) |= (1 << (2)));
   132  02A7  1520               	bsf	_fpa,2
   133                           ;hc595.c: 64: ((fpa) &= ~(1 << (3)));
   134  02A8  11A0               	bcf	_fpa,3
   135                           ;hc595.c: 65: PORTA=fpa;
   136  02A9  0820               	movf	_fpa,w
   137  02AA  0085               	movwf	5	;volatile
   138                           ;hc595.c: 66: }
   139  02AB  0008               	return
   140                           
   141                           	psect	text4
   142  0000                     
   143  0000                     
   144  0000                     
   145  0000                     
   146  0000                     
   147  0000                     
   148  0000                     
   149  0000                     
   150  0000                     
   151  0000                     
   152  0000                     
   153  0000                     
   154  0000                     
   155  0000                     
   156  0000                     
   157  0000                     
   158  0000                     
   159  0000                     
   160  0000                     
   161  0000                     
   162  0000                     
   163  0000                     
   164  0000                     
   165  0000                     
   166  0000                     
   167  0000                     
   168  0000                     
   169  0000                     
   170  0000                     
   171  0000                     
   172  0000                     
   173  0000                     
   174  0000                     
   175  0000                     
   176  0000                     
   177  0000                     
   178  0000                     
   179  0000                     
   180  0000                     
   181  0000                     
   182  0000                     
   183  0000                     
   184  0000                     
   185  0000                     
   186  0000                     
   187  0000                     
   188  0000                     
   189  0000                     
   190  0000                     
   191  0000                     
   192  0000                     
   193  0000                     
   194  0000                     
   195  0000                     
   196  0000                     
   197  0000                     
   198  0000                     
   199  0000                     
   200  0000                     
   201  0000                     
   202  0000                     
   203  0000                     
   204  0000                     
   205  0000                     
   206  0000                     
   207  0000                     
   208  0000                     
   209  0000                     
   210  0000                     
   211  0000                     
   212  0000                     
   213  0000                     
   214  0000                     
   215  0000                     
   216  0000                     
   217  0000                     
   218  0000                     
   219  0000                     
   220  0000                     
   221  0000                     
   222  0000                     
   223  0000                     
   224  0000                     
   225  0000                     
   226  0000                     
   227  0000                     
   228  0000                     
   229  0000                     
   230  0000                     
   231  0000                     
   232  0000                     
   233  0000                     
   234  0000                     
   235  0000                     
   236  0000                     
   237  0000                     
   238                           
   239                           	psect	rbss_0
   240  0020                     _fpa
   241  0020                     	ds	1
   242                           
   243                           	psect	temp
   244  0026                     btemp
   245  0026                     	ds	2


HI-TECH Software PICC Macro Assembler V8.05PL2
Symbol Table                                          Thu Dec  7 02:02:21 2017

                l4 036C                  l7 037D                  l8 037E  
       _hc595Begin 028C                 u14 0375                 u15 0373  
              _fpa 0020               btemp 0026        ?a_hc595Data 0023  
        _hc595Data 0369          _hc595Init 02BE              _delay 02D3  
            status 0003           _hc595End 02A5         clear_bank0 0017  
       used_btemp0 0001         used_btemp1 0001  
