

HI-TECH Software PICC Macro Assembler V8.05PL2
Serial number: HCPIC-00000                            Thu Dec  7 02:02:17 2017

Licensed to: MITSOS FOREVER
     1                           	processor	16F84A
     2                           	opt	pw 79
     3                           	psect	__Z00000RS_,global,delta=1
     4                           	psect	text0,local,class=CODE,delta=2
     5                           	psect	config,global,class=CONFIG,delta=2
     6                           	psect	text1,local,class=CODE,delta=2
     7                           	psect	text2,local,class=CODE,delta=2
     8                           	psect	text3,local,class=CODE,delta=2
     9                           	psect	rbss_0,global,class=BANK0,space=1,delta=
      +                          1
    10  0000                     
    11  0000                     
    12  0000                     
    13  0000                     
    14  0000                     
    15  0000                     
    16  0000                     
    17  0000                     
    18  0000                     
    19  0000                     
    20                           
    21                           	psect	__Z00000RS_
    22  0028                     
    23  0028                     	;#
    24                           
    25                           	psect	text0
    26  0281                     _setup
    27                           ;main.c: 23: serial_begin();
    28  0281  1283               	bcf	3,5
    29  0282  2279               	call	_serial_begin
    30                           ;main.c: 24: putch('*');
    31  0283  302A               	movlw	42
    32  0284  230D               	call	_putch
    33                           ;main.c: 25: papX2Begin();
    34  0285  2AED               	goto	_papX2Begin
    35                           
    36                           	psect	config
    37  2007  3FF1               	dw	16369	;#
    38                           
    39                           	psect	text1
    40  0292                     _loop
    41                           ;main.c: 33: input = getch();
    42  0292  1283               	bcf	3,5
    43  0293  2351               	call	_getch
    44  0294  008D               	movwf	_input
    45                           ;main.c: 34: putch(input);
    46  0295  230D               	call	_putch
    47                           ;main.c: 41: papMove(input);
    48  0296  080D               	movf	_input,w
    49  0297  2BC2               	goto	_papMove
    50                           
    51                           	psect	text2
    52  02B5                     _main
    53                           ;main.c: 50: TRISA = 0b00000000;
    54  02B5  1683               	bsf	3,5
    55  02B6  0185               	clrf	5	;volatile
    56                           ;main.c: 51: TRISB = 0b00000000;
    57  02B7  0186               	clrf	6	;volatile
    58                           ;main.c: 53: setup();
    59  02B8  1283               	bcf	3,5
    60  02B9  2281               	call	_setup
    61                           ;main.c: 55: PORTA = 0b00000000;
    62  02BA  0185               	clrf	5	;volatile
    63                           ;main.c: 56: PORTB = 0b00000000;
    64  02BB  0186               	clrf	6	;volatile
    65  02BC                     l6
    66                           ;main.c: 60: while(1){
    67                           ;main.c: 61: loop();
    68  02BC  2292               	call	_loop
    69                           ;main.c: 62: }
    70  02BD  2ABC               	goto	l6
    71                           
    72                           	psect	text3
    73  0000                     
    74  0000                     
    75  0000                     
    76  0000                     
    77  0000                     
    78  0000                     
    79  0000                     
    80  0000                     
    81  0000                     
    82  0000                     
    83  0000                     
    84  0000                     
    85  0000                     
    86  0000                     
    87  0000                     
    88  0000                     
    89  0000                     
    90  0000                     
    91  0000                     
    92  0000                     
    93  0000                     
    94  0000                     
    95  0000                     
    96  0000                     
    97  0000                     
    98  0000                     
    99  0000                     
   100  0000                     
   101  0000                     
   102  0000                     
   103  0000                     
   104  0000                     
   105  0000                     
   106  0000                     
   107  0000                     
   108  0000                     
   109  0000                     
   110  0000                     
   111  0000                     
   112  0000                     
   113  0000                     
   114  0000                     
   115  0000                     
   116  0000                     
   117  0000                     
   118  0000                     
   119  0000                     
   120  0000                     
   121  0000                     
   122  0000                     
   123  0000                     
   124  0000                     
   125  0000                     
   126  0000                     
   127  0000                     
   128  0000                     
   129  0000                     
   130  0000                     
   131  0000                     
   132  0000                     
   133  0000                     
   134  0000                     
   135  0000                     
   136  0000                     
   137  0000                     
   138  0000                     
   139  0000                     
   140  0000                     
   141  0000                     
   142  0000                     
   143  0000                     
   144  0000                     
   145  0000                     
   146  0000                     
   147  0000                     
   148  0000                     
   149  0000                     
   150  0000                     
   151  0000                     
   152  0000                     
   153  0000                     
   154  0000                     
   155  0000                     
   156  0000                     
   157  0000                     
   158  0000                     
   159  0000                     
   160  0000                     
   161  0000                     
   162  0000                     
   163  0000                     
   164  0000                     
   165  0000                     
   166  0000                     
   167  0000                     
   168  0000                     
   169                           
   170                           	psect	rbss_0
   171  000D                     _input
   172  000D                     	ds	1
   173  000E                     _d
   174  000E                     	ds	2


HI-TECH Software PICC Macro Assembler V8.05PL2
Symbol Table                                          Thu Dec  7 02:02:17 2017

           l6 02BC             _d 000E          _main 02B5  
        _loop 0292    _papX2Begin 02ED          start 0017  
     _papMove 03C2         _getch 0351         _input 000D  
       _setup 0281         _putch 030D         status 0003  
  clear_bank0 0017  _serial_begin 0279  
