

HI-TECH Software PICC Macro Assembler V8.05PL2
Serial number: HCPIC-00000                            Thu Dec  7 02:02:19 2017

Licensed to: MITSOS FOREVER
     1                           	processor	16F84A
     2                           	opt	pw 79
     3                           	psect	__Z00000RS_,global,delta=1
     4                           	psect	text0,local,class=CODE,delta=2
     5                           	psect	text1,local,class=CODE,delta=2
     6                           	psect	text2,local,class=CODE,delta=2
     7                           	psect	text3,local,class=CODE,delta=2
     8                           	psect	text4,local,class=CODE,delta=2
     9                           	psect	text5,local,class=CODE,delta=2
    10                           	psect	text6,local,class=CODE,delta=2
    11                           	psect	text7,local,class=CODE,delta=2
    12                           	psect	rbss_0,global,class=BANK0,space=1,delta=
      +                          1
    13  0000                     
    14  0000                     
    15  0000                     
    16  0000                     
    17  0000                     
    18  0000                     
    19  0000                     
    20  0000                     
    21  0000                     
    22  0000                     
    23                           
    24                           	psect	__Z00000RS_
    25  0028                     
    26  0028                     
    27                           
    28                           	psect	text0
    29  02FD                     _pap_begin
    30                           ;pap.c: 17: TRISB &= 0b00001111;
    31  02FD  300F               	movlw	15
    32  02FE  1683               	bsf	3,5
    33  02FF  0586               	andwf	6	;volatile
    34                           ;pap.c: 19: secuencia[0]=0b00010000;
    35  0300  3010               	movlw	16
    36  0301  1283               	bcf	3,5
    37  0302  0093               	movwf	_secuencia
    38                           ;pap.c: 20: secuencia[1]=0b00100000;
    39  0303  3020               	movlw	32
    40  0304  0094               	movwf	_secuencia+1
    41                           ;pap.c: 21: secuencia[2]=0b01000000;
    42  0305  3040               	movlw	64
    43  0306  0095               	movwf	_secuencia+2
    44                           ;pap.c: 22: secuencia[3]=0b10000000;
    45  0307  3080               	movlw	-128
    46  0308  0096               	movwf	_secuencia+3
    47                           ;pap.c: 23: secuencia[4]=0b00000000;
    48  0309  0197               	clrf	_secuencia+4
    49                           ;pap.c: 25: Paso=0;
    50  030A  0191               	clrf	_Paso
    51                           ;pap.c: 26: ld=0;
    52  030B  0192               	clrf	_ld
    53                           ;pap.c: 28: }
    54  030C  0008               	return
    55                           
    56                           	psect	text1
    57  02AC                     _buff_pap
    58                           ;	_temp assigned to ?a_buff_pap+0
    59  0000                     _buff_pap$temp	set	?a_buff_pap
    60                           ;pap.c: 32: unsigned char temp;
    61  02AC  1283               	bcf	3,5
    62  02AD  0E06               	swapf	6,w	;volatile
    63  02AE  39F0               	andlw	240
    64  02AF  00A3               	movwf	?a_buff_pap
    65                           ;pap.c: 35: temp = temp >> 4;
    66  02B0  0EA3               	swapf	?a_buff_pap
    67  02B1  300F               	movlw	15
    68  02B2  05A3               	andwf	?a_buff_pap
    69                           ;pap.c: 39: return temp;
    70  02B3  0823               	movf	?a_buff_pap,w
    71                           ;pap.c: 40: }
    72  02B4  0008               	return
    73                           
    74                           	psect	text2
    75  02C8                     _pap_stop
    76                           ;pap.c: 45: PORTB = secuencia[4] | buff_pap();
    77  02C8  1283               	bcf	3,5
    78  02C9  22AC               	call	_buff_pap
    79  02CA  0417               	iorwf	_secuencia+4,w
    80  02CB  0086               	movwf	6	;volatile
    81                           ;pap.c: 47: if (ld==1)
    82  02CC  0B12               	decfsz	_ld,w
    83  02CD  2AD1               	goto	l4
    84                           ;pap.c: 48: PORTA = secuencia[4] >> 4;
    85  02CE  0E17               	swapf	_secuencia+4,w
    86  02CF  390F               	andlw	15
    87  02D0  0085               	movwf	5	;volatile
    88  02D1                     l4
    89                           ;pap.c: 50: Paso=0;
    90  02D1  0191               	clrf	_Paso
    91                           ;pap.c: 51: }
    92  02D2  0008               	return
    93                           
    94                           	psect	text3
    95                           ;pap.c: 54: void pap_left(void){
    96  0321                     _pap_left
    97                           ;pap.c: 56: if (Paso==3)
    98  0321  1283               	bcf	3,5
    99  0322  0811               	movf	_Paso,w
   100  0323  3A03               	xorlw	3
   101  0324  1D03               	btfss	3,2
   102  0325  2B28               	goto	l6
   103                           ;pap.c: 57: Paso=0;
   104  0326  0191               	clrf	_Paso
   105                           ;pap.c: 58: else
   106  0327  2B29               	goto	l7
   107  0328                     l6
   108                           ;pap.c: 59: Paso++;
   109  0328  0A91               	incf	_Paso
   110  0329                     l7
   111                           ;pap.c: 61: PORTB = secuencia[Paso] | buff_pap(
      +                          );
   112  0329  0811               	movf	_Paso,w
   113  032A  3E13               	addlw	_secuencia
   114  032B  0084               	movwf	4
   115  032C  1283               	bcf	3,5
   116  032D  22AC               	call	_buff_pap
   117  032E  0400               	iorwf	0,w
   118  032F  0086               	movwf	6	;volatile
   119                           ;pap.c: 63: if (ld==1)
   120  0330  0B12               	decfsz	_ld,w
   121  0331  0008               	return
   122                           ;pap.c: 64: PORTA = secuencia[Paso] >> 4;
   123  0332  0811               	movf	_Paso,w
   124  0333  3E13               	addlw	_secuencia
   125  0334  0084               	movwf	4
   126  0335  0E00               	swapf	0,w
   127  0336  390F               	andlw	15
   128  0337  0085               	movwf	5	;volatile
   129                           ;pap.c: 65: }
   130  0338  0008               	return
   131                           
   132                           	psect	text4
   133                           ;pap.c: 68: void pap_right(void)
   134                           ;pap.c: 69: {
   135  0339                     _pap_right
   136                           ;pap.c: 70: if (Paso==0)
   137  0339  1283               	bcf	3,5
   138  033A  0891               	movf	_Paso
   139  033B  1D03               	btfss	3,2
   140  033C  2B40               	goto	l10
   141                           ;pap.c: 71: Paso=3;
   142  033D  3003               	movlw	3
   143  033E  0091               	movwf	_Paso
   144                           ;pap.c: 72: else
   145  033F  2B41               	goto	l11
   146  0340                     l10
   147                           ;pap.c: 73: Paso--;
   148  0340  0391               	decf	_Paso
   149  0341                     l11
   150                           ;pap.c: 75: PORTB = secuencia[Paso] | buff_pap(
      +                          );
   151  0341  0811               	movf	_Paso,w
   152  0342  3E13               	addlw	_secuencia
   153  0343  0084               	movwf	4
   154  0344  1283               	bcf	3,5
   155  0345  22AC               	call	_buff_pap
   156  0346  0400               	iorwf	0,w
   157  0347  0086               	movwf	6	;volatile
   158                           ;pap.c: 77: if (ld==1)
   159  0348  0B12               	decfsz	_ld,w
   160  0349  0008               	return
   161                           ;pap.c: 78: PORTA = secuencia[Paso] >> 4;
   162  034A  0811               	movf	_Paso,w
   163  034B  3E13               	addlw	_secuencia
   164  034C  0084               	movwf	4
   165  034D  0E00               	swapf	0,w
   166  034E  390F               	andlw	15
   167  034F  0085               	movwf	5	;volatile
   168                           ;pap.c: 79: }
   169  0350  0008               	return
   170                           
   171                           	psect	text5
   172                           ;pap.c: 82: char pap_paso(void)
   173                           ;pap.c: 83: {
   174  0276                     _pap_paso
   175                           ;pap.c: 84: return Paso;
   176  0276  1283               	bcf	3,5
   177  0277  0811               	movf	_Paso,w
   178                           ;pap.c: 85: }
   179  0278  0008               	return
   180                           
   181                           	psect	text6
   182                           ;pap.c: 88: void pap_led_test(void)
   183                           ;pap.c: 89: {
   184  027D                     _pap_led_test
   185                           ;pap.c: 90: ld = 1;
   186  027D  1283               	bcf	3,5
   187  027E  0192               	clrf	_ld
   188  027F  0A92               	incf	_ld
   189                           ;pap.c: 91: }
   190  0280  0008               	return
   191                           
   192                           	psect	text7
   193  0000                     
   194  0000                     
   195  0000                     
   196  0000                     
   197  0000                     
   198  0000                     
   199  0000                     
   200  0000                     
   201  0000                     
   202  0000                     
   203  0000                     
   204  0000                     
   205  0000                     
   206  0000                     
   207  0000                     
   208  0000                     
   209  0000                     
   210  0000                     
   211  0000                     
   212  0000                     
   213  0000                     
   214  0000                     
   215  0000                     
   216  0000                     
   217  0000                     
   218  0000                     
   219  0000                     
   220  0000                     
   221  0000                     
   222  0000                     
   223  0000                     
   224  0000                     
   225  0000                     
   226  0000                     
   227  0000                     
   228  0000                     
   229  0000                     
   230  0000                     
   231  0000                     
   232  0000                     
   233  0000                     
   234  0000                     
   235  0000                     
   236  0000                     
   237  0000                     
   238  0000                     
   239  0000                     
   240  0000                     
   241  0000                     
   242  0000                     
   243  0000                     
   244  0000                     
   245  0000                     
   246  0000                     
   247  0000                     
   248  0000                     
   249  0000                     
   250  0000                     
   251  0000                     
   252  0000                     
   253  0000                     
   254  0000                     
   255  0000                     
   256  0000                     
   257  0000                     
   258  0000                     
   259  0000                     
   260  0000                     
   261  0000                     
   262  0000                     
   263  0000                     
   264  0000                     
   265  0000                     
   266  0000                     
   267  0000                     
   268  0000                     
   269  0000                     
   270  0000                     
   271  0000                     
   272  0000                     
   273  0000                     
   274  0000                     
   275  0000                     
   276  0000                     
   277  0000                     
   278  0000                     
   279  0000                     
   280  0000                     
   281  0000                     
   282  0000                     
   283  0000                     
   284                           
   285                           	psect	rbss_0
   286  0011                     _Paso
   287  0011                     	ds	1
   288  0000                     
   289  0000                     
   290  0000                     
   291  0000                     
   292  0000                     
   293  0012                     _ld
   294  0012                     	ds	1
   295  0013                     _secuencia
   296  0013                     	ds	5


HI-TECH Software PICC Macro Assembler V8.05PL2
Symbol Table                                          Thu Dec  7 02:02:19 2017

            l4 02D1              l6 0328              l7 0329  
           l10 0340             l11 0341             _ld 0012  
     _buff_pap 02AC             fsr 0004       _pap_left 0321  
     _pap_paso 0276       _pap_stop 02C8           _Paso 0011  
    _pap_begin 02FD      _pap_right 0339      _secuencia 0013  
   ?a_buff_pap 0023   _pap_led_test 027D          status 0003  
   clear_bank0 0017  
