

HI-TECH Software PICC Macro Assembler V8.05PL2
Serial number: HCPIC-00000                            Thu Dec  7 02:02:21 2017

Licensed to: MITSOS FOREVER
     1                           	processor	16F84A
     2                           	opt	pw 79
     3                           	psect	__Z00000RS_,global,delta=1
     4                           	psect	text0,local,class=CODE,delta=2
     5                           	psect	text1,local,class=CODE,delta=2
     6                           	psect	text2,local,class=CODE,delta=2
     7                           	psect	text3,local,class=CODE,delta=2
     8                           	psect	text4,local,class=CODE,delta=2
     9                           	psect	rbss_0,global,class=BANK0,space=1,delta=
      +                          1
    10                           	psect	temp,global,ovrld,class=BANK0,space=1,de
      +                          lta=1
    11  0000                     
    12  0000                     
    13  0000                     
    14  0000                     
    15  0000                     
    16  0000                     
    17  0000                     
    18  0000                     
    19  0000                     
    20  0000                     
    21                           
    22                           	psect	__Z00000RS_
    23  0028                     
    24  0028                     
    25                           
    26                           	psect	text0
    27  02ED                     _papX2Begin
    28                           ;papL293DX2.c: 18: TRISB = 0b00000000;
    29  02ED  1683               	bsf	3,5
    30  02EE  0186               	clrf	6	;volatile
    31                           ;papL293DX2.c: 20: sM[0]=0b00010000;
    32  02EF  3010               	movlw	16
    33  02F0  1283               	bcf	3,5
    34  02F1  009B               	movwf	_sM
    35                           ;papL293DX2.c: 21: sM[1]=0b00100000;
    36  02F2  3020               	movlw	32
    37  02F3  009C               	movwf	_sM+1
    38                           ;papL293DX2.c: 22: sM[2]=0b01000000;
    39  02F4  3040               	movlw	64
    40  02F5  009D               	movwf	_sM+2
    41                           ;papL293DX2.c: 23: sM[3]=0b10000000;
    42  02F6  3080               	movlw	-128
    43  02F7  009E               	movwf	_sM+3
    44                           ;papL293DX2.c: 24: sM[4]=0b00000000;
    45  02F8  019F               	clrf	_sM+4
    46                           ;papL293DX2.c: 26: pAnterior=0b00000000;
    47  02F9  019A               	clrf	_pAnterior
    48                           ;papL293DX2.c: 27: m1Ciclo=0;
    49  02FA  0198               	clrf	_m1Ciclo
    50                           ;papL293DX2.c: 28: m2Ciclo=0;
    51  02FB  0199               	clrf	_m2Ciclo
    52                           ;papL293DX2.c: 29: }
    53  02FC  0008               	return
    54                           
    55                           	psect	text1
    56  03C2                     _papMove
    57                           ;	_pActual assigned to ?a_papMove+0
    58  0000                     _papMove$pActual	set	?a_papMove
    59                           ;_pActual stored from w
    60  03C2  1283               	bcf	3,5
    61  03C3  00A3               	movwf	?a_papMove
    62                           ;papL293DX2.c: 37: if(!!((pActual) & (1 << (4))
      +                          )==1){
    63  03C4  1E23               	btfss	?a_papMove,4
    64  03C5  2BC8               	goto	l3
    65                           ;papL293DX2.c: 39: RA3 = 1;
    66  03C6  1585               	bsf	5,3
    67                           ;papL293DX2.c: 40: }
    68  03C7  2BC9               	goto	l4
    69  03C8                     l3
    70                           ;papL293DX2.c: 43: RA3 = 0;
    71  03C8  1185               	bcf	5,3
    72  03C9                     l4
    73                           ;papL293DX2.c: 44: }
    74                           ;papL293DX2.c: 47: if (!!((pActual) & (1 << (3)
      +                          ))==1 && !!((pAnterior) & (1 << (3)))==0)
    75  03C9  19A3               	btfsc	?a_papMove,3
    76  03CA  199A               	btfsc	_pAnterior,3
    77  03CB  2BDD               	goto	l5
    78                           ;papL293DX2.c: 48: {
    79  03CC  1D23               	btfss	?a_papMove,2
    80  03CD  2BD6               	goto	l6
    81                           ;papL293DX2.c: 50: {
    82  03CE  0818               	movf	_m1Ciclo,w
    83  03CF  3A03               	xorlw	3
    84  03D0  1D03               	btfss	3,2
    85  03D1  2BD4               	goto	l7
    86                           ;papL293DX2.c: 52: m1Ciclo=0;
    87  03D2  0198               	clrf	_m1Ciclo
    88                           ;papL293DX2.c: 53: else
    89  03D3  2BDD               	goto	l5
    90  03D4                     l7
    91                           ;papL293DX2.c: 54: m1Ciclo++;
    92  03D4  0A98               	incf	_m1Ciclo
    93                           ;papL293DX2.c: 55: }
    94  03D5  2BDD               	goto	l5
    95  03D6                     l6
    96                           ;papL293DX2.c: 57: {
    97  03D6  0898               	movf	_m1Ciclo
    98  03D7  1D03               	btfss	3,2
    99  03D8  2BDC               	goto	l10
   100                           ;papL293DX2.c: 59: m1Ciclo=3;
   101  03D9  3003               	movlw	3
   102  03DA  0098               	movwf	_m1Ciclo
   103                           ;papL293DX2.c: 60: else
   104  03DB  2BDD               	goto	l5
   105  03DC                     l10
   106                           ;papL293DX2.c: 61: m1Ciclo--;
   107  03DC  0398               	decf	_m1Ciclo
   108                           ;papL293DX2.c: 62: }
   109  03DD                     l5
   110                           ;papL293DX2.c: 63: }
   111  03DD  18A3               	btfsc	?a_papMove,1
   112  03DE  189A               	btfsc	_pAnterior,1
   113  03DF  2BF1               	goto	l12
   114                           ;papL293DX2.c: 68: {
   115  03E0  1C23               	btfss	?a_papMove,0
   116  03E1  2BEA               	goto	l13
   117                           ;papL293DX2.c: 70: {
   118  03E2  0819               	movf	_m2Ciclo,w
   119  03E3  3A03               	xorlw	3
   120  03E4  1D03               	btfss	3,2
   121  03E5  2BE8               	goto	l14
   122                           ;papL293DX2.c: 72: m2Ciclo=0;
   123  03E6  0199               	clrf	_m2Ciclo
   124                           ;papL293DX2.c: 73: else
   125  03E7  2BF1               	goto	l12
   126  03E8                     l14
   127                           ;papL293DX2.c: 74: m2Ciclo++;
   128  03E8  0A99               	incf	_m2Ciclo
   129                           ;papL293DX2.c: 75: }
   130  03E9  2BF1               	goto	l12
   131  03EA                     l13
   132                           ;papL293DX2.c: 77: {
   133  03EA  0899               	movf	_m2Ciclo
   134  03EB  1D03               	btfss	3,2
   135  03EC  2BF0               	goto	l17
   136                           ;papL293DX2.c: 79: m2Ciclo=3;
   137  03ED  3003               	movlw	3
   138  03EE  0099               	movwf	_m2Ciclo
   139                           ;papL293DX2.c: 80: else
   140  03EF  2BF1               	goto	l12
   141  03F0                     l17
   142                           ;papL293DX2.c: 81: m2Ciclo--;
   143  03F0  0399               	decf	_m2Ciclo
   144                           ;papL293DX2.c: 82: }
   145  03F1                     l12
   146                           ;papL293DX2.c: 83: }
   147  03F1  0818               	movf	_m1Ciclo,w
   148  03F2  3E1B               	addlw	_sM
   149  03F3  0084               	movwf	4
   150  03F4  0800               	movf	0,w
   151  03F5  00A6               	movwf	btemp
   152  03F6  0819               	movf	_m2Ciclo,w
   153  03F7  3E1B               	addlw	_sM
   154  03F8  0084               	movwf	4
   155  03F9  0E00               	swapf	0,w
   156  03FA  390F               	andlw	15
   157  03FB  0426               	iorwf	btemp,w
   158  03FC  0086               	movwf	6	;volatile
   159                           ;papL293DX2.c: 88: pAnterior = pActual;
   160  03FD  0823               	movf	?a_papMove,w
   161  03FE  009A               	movwf	_pAnterior
   162                           ;papL293DX2.c: 89: }
   163  03FF  0008               	return
   164                           
   165                           	psect	text2
   166                           ;papL293DX2.c: 91: void papStop(void){
   167  029E                     _papStop
   168                           ;papL293DX2.c: 92: PORTB = sM[4];
   169  029E  1283               	bcf	3,5
   170  029F  081F               	movf	_sM+4,w
   171  02A0  0086               	movwf	6	;volatile
   172                           ;papL293DX2.c: 94: pAnterior=0b00000000;
   173  02A1  019A               	clrf	_pAnterior
   174                           ;papL293DX2.c: 95: m1Ciclo=0;
   175  02A2  0198               	clrf	_m1Ciclo
   176                           ;papL293DX2.c: 96: m2Ciclo=0;
   177  02A3  0199               	clrf	_m2Ciclo
   178                           ;papL293DX2.c: 97: }
   179  02A4  0008               	return
   180                           
   181                           	psect	text3
   182                           ;papL293DX2.c: 99: void papMoveManual(unsigned 
      +                          char a){
   183  0286                     _papMoveManual
   184                           ;	_a assigned to ?a_papMoveManual+0
   185  0000                     _papMoveManual$a	set	?a_papMoveManual
   186                           ;_a stored from w
   187  0286  1283               	bcf	3,5
   188  0287  00A3               	movwf	?a_papMoveManual
   189                           ;papL293DX2.c: 100: papMove(a);
   190  0288  1283               	bcf	3,5
   191  0289  23C2               	call	_papMove
   192                           ;papL293DX2.c: 101: papMove(0b00000000);
   193  028A  3000               	movlw	0
   194  028B  2BC2               	goto	_papMove
   195                           
   196                           	psect	text4
   197  0000                     
   198  0000                     
   199  0000                     
   200  0000                     
   201  0000                     
   202  0000                     
   203  0000                     
   204  0000                     
   205  0000                     
   206  0000                     
   207  0000                     
   208  0000                     
   209  0000                     
   210  0000                     
   211  0000                     
   212  0000                     
   213  0000                     
   214  0000                     
   215  0000                     
   216  0000                     
   217  0000                     
   218  0000                     
   219  0000                     
   220  0000                     
   221  0000                     
   222  0000                     
   223  0000                     
   224  0000                     
   225  0000                     
   226  0000                     
   227  0000                     
   228  0000                     
   229  0000                     
   230  0000                     
   231  0000                     
   232  0000                     
   233  0000                     
   234  0000                     
   235  0000                     
   236  0000                     
   237  0000                     
   238  0000                     
   239  0000                     
   240  0000                     
   241  0000                     
   242  0000                     
   243  0000                     
   244  0000                     
   245  0000                     
   246  0000                     
   247  0000                     
   248  0000                     
   249  0000                     
   250  0000                     
   251  0000                     
   252  0000                     
   253  0000                     
   254  0000                     
   255  0000                     
   256  0000                     
   257  0000                     
   258  0000                     
   259  0000                     
   260  0000                     
   261  0000                     
   262  0000                     
   263  0000                     
   264  0000                     
   265  0000                     
   266  0000                     
   267  0000                     
   268  0000                     
   269  0000                     
   270  0000                     
   271  0000                     
   272  0000                     
   273  0000                     
   274  0000                     
   275  0000                     
   276  0000                     
   277  0000                     
   278  0000                     
   279  0000                     
   280  0000                     
   281  0000                     
   282  0000                     
   283  0000                     
   284  0000                     
   285  0000                     
   286  0000                     
   287  0000                     
   288  0000                     
   289  0000                     
   290  0000                     
   291  0000                     
   292  0000                     
   293                           
   294                           	psect	rbss_0
   295  0018                     _m1Ciclo
   296  0018                     	ds	1
   297  0019                     _m2Ciclo
   298  0019                     	ds	1
   299  001A                     _pAnterior
   300  001A                     	ds	1
   301  001B                     _sM
   302  001B                     	ds	5
   303                           
   304                           	psect	temp
   305  0026                     btemp
   306  0026                     	ds	1


HI-TECH Software PICC Macro Assembler V8.05PL2
Symbol Table                                          Thu Dec  7 02:02:21 2017

              l3 03C8                l4 03C9                l5 03DD  
              l6 03D6                l7 03D4               l10 03DC  
             l12 03F1               l13 03EA               l14 03E8  
             l17 03F0               _sM 001B               fsr 0004  
      ?a_papMove 0023             btemp 0026          _m1Ciclo 0018  
        _m2Ciclo 0019       _papX2Begin 02ED    _papMoveManual 0286  
?a_papMoveManual 0023          _papMove 03C2          _papStop 029E  
          status 0003       clear_bank0 0017        _pAnterior 001A  
     used_btemp0 0001  
