HI-TECH Software PICC Compiler V8.05PL2

Linker command line:

-z -Mserial.map -ol.obj \
  -ppowerup=00h,intentry=04h,intcode,intret,init,init23,end_init,clrtext,stringtable,pstrings,strings \
  -pintsave_0=0Ch -ABANK0=0Ch-04Fh \
  -prbit_0=BANK0,rbss_0=BANK0,rdata_0=BANK0,idata_0=CODE -ACOMBANK=0Ch-04Fh \
  -ptemp=COMBANK -ACODE=0-03FFh -ACONST=0-0FFhx4 -pconfig=2007h \
  -pidloc=2000h -AEEDATA=2100h-21FFh -peeprom_data=EEDATA \
  -pfloat_text0=CODE,float_text1=CODE,float_text2=CODE \
  -pfloat_text3=CODE,float_text4=CODE -pnvram=BANK0,nvram_1=BANK1 \
  -pnvbit_0=BANK0,nvbit_1=BANK1 -Q16F84A -h+serial.sym -E \
  -EC:\Users\Alumno\AppData\Local\Temp\_798.AAA -ver=PICC#V8.05PL2 \
  d:\HT-PIC\LIB\picrt40a.obj D:\plotter\X_serial\main.obj \
  D:\plotter\X_serial\serial.obj D:\plotter\X_serial\delay.obj \
  D:\plotter\X_serial\pap.obj D:\plotter\X_serial\papL293DX2.obj \
  D:\plotter\X_serial\hc595.obj D:\plotter\X_serial\srf04.obj \
  d:\HT-PIC\LIB\pic4---u.lib d:\HT-PIC\LIB\pic40a-c.lib \
  d:\HT-PIC\LIB\pic4---u.lib 

Object code version is 3.7

Machine type is 16F84A

Call graph:

*_main size 0,0 offset 0
*    _setup size 0,0 offset 0
         _serial_begin
*        _putch size 0,3 offset 0
         _papX2Begin
*    _loop size 0,0 offset 0
         _getch size 0,2 offset 0
*        _putch size 0,3 offset 0
         _papMove size 0,1 offset 0
*_isr

		Name          Link     Load   Length Selector Space Scale
d:\HT-PIC\LIB\picrt40a.obj
		end_init        1B       1B        2       8     0
D:\plotter\X_serial\main.obj
		config        2007     2007        1    400E     0
		rbss_0           D        D        3       C     1
		text2          2B5      2B5        9     56A     0
		text1          292      292        6     524     0
		text0          281      281        5     502     0
D:\plotter\X_serial\serial.obj
		rbss_0          10       10        1       C     1
		text3          298      298        6     530     0
		text2          351      351       18     6A2     0
		text1          30D      30D       14     61A     0
		text0          279      279        4     4F2     0
D:\plotter\X_serial\delay.obj
		text0          2D3      2D3        D     5A6     0
D:\plotter\X_serial\pap.obj
		rbss_0          11       11        7       C     1
		text5          276      276        3     4EC     0
		text4          339      339       18     672     0
		text6          27D      27D        4     4FA     0
		text3          321      321       18     642     0
		text0          2FD      2FD       10     5FA     0
		text2          2C8      2C8        B     590     0
		text1          2AC      2AC        9     558     0
D:\plotter\X_serial\papL293DX2.obj
		rbss_0          18       18        8       C     1
		temp            26       26        1      26     1
		text3          286      286        6     50C     0
		text2          29E      29E        7     53C     0
		text1          3C2      3C2       3E     784     0
		text0          2ED      2ED       10     5DA     0
D:\plotter\X_serial\hc595.obj
		rbss_0          20       20        1       C     1
		temp            26       26        2      26     1
		text3          2A5      2A5        7     54A     0
		text2          369      369       28     6D2     0
		text1          2BE      2BE        A     57C     0
		text0          28C      28C        6     518     0
D:\plotter\X_serial\srf04.obj
		intcode          8        8        A       8     0
		intentry         4        4        4       8     0
		intret          12       12        5       8     0
		intsave_0        C        C        1       C     1
		rbss_0          21       21        2       C     1
		temp            26       26        2      26     1
		text2          391      391       31     722     0
		text1          2E0      2E0        D     5C0     0
		intsave         28       28        1      28     1

d:\HT-PIC\LIB\pic4---u.lib

d:\HT-PIC\LIB\pic40a-c.lib
btemp0.obj      temp            26       26        1      26     1
btemp1.obj      temp            26       26        2      26     1
clrbank0.obj    init            17       17        4       8     0
clr.obj         clrtext         1D       1D        7       8     0
powerup.obj     powerup          0        0        4       0     0

d:\HT-PIC\LIB\pic4---u.lib

COMMON          rbss_0          23       23        3       C     1

TOTAL		Name          Link     Load   Length
	CLASS	BANK0    
		intsave_0        C        C        1
		rbss_0           D        D       19
		temp            26       26        2
		intsave         28       28        1

	CLASS	COMBANK  

	CLASS	CODE     
		intcode          8        8        A
		intentry         4        4        4
		intret          12       12        5
		powerup          0        0        4
		clrtext         1D       1D        7
		end_init        1B       1B        2
		init            17       17        4
		text2          2B5      2B5        9
		text1          292      292        6
		text0          281      281        5
		text3          298      298        6
		text2          351      351       18
		text1          30D      30D       14
		text0          279      279        4
		text0          2D3      2D3        D
		text5          276      276        3
		text4          339      339       18
		text6          27D      27D        4
		text3          321      321       18
		text0          2FD      2FD       10
		text2          2C8      2C8        B
		text1          2AC      2AC        9
		text3          286      286        6
		text2          29E      29E        7
		text1          3C2      3C2       3E
		text0          2ED      2ED       10
		text3          2A5      2A5        7
		text2          369      369       28
		text1          2BE      2BE        A
		text0          28C      28C        6
		text2          391      391       31
		text1          2E0      2E0        D

	CLASS	CONST    

	CLASS	EEDATA   

	CLASS	ENTRY    

	CLASS	BANK3    

	CLASS	BANK2    

	CLASS	BANK1    

	CLASS	STRING   

	CLASS	IDLOC    

	CLASS	CONFIG   
		config        2007     2007        1



SEGMENTS	Name		Load	Length	 Top	Selector    Space Class

		powerup         000000	000004	000004	       0       0  CODE    
		intentry        000004	000020	000024	       8       0  CODE    
		intsave_0       00000C	00001A	000026	       C       1  BANK0   
		temp            000026	000002	000028	      26       1  COMBANK 
		nvram           000028	000001	000029	      28       1  BANK0   
		text5           000276	000003	000279	     4EC       0  CODE    
		text0           000279	000004	00027D	     4F2       0  CODE    
		text6           00027D	000004	000281	     4FA       0  CODE    
		text0           000281	000005	000286	     502       0  CODE    
		text3           000286	000006	00028C	     50C       0  CODE    
		text0           00028C	000006	000292	     518       0  CODE    
		text1           000292	000006	000298	     524       0  CODE    
		text3           000298	000006	00029E	     530       0  CODE    
		text2           00029E	000007	0002A5	     53C       0  CODE    
		text3           0002A5	000007	0002AC	     54A       0  CODE    
		text1           0002AC	000009	0002B5	     558       0  CODE    
		text2           0002B5	000009	0002BE	     56A       0  CODE    
		text1           0002BE	00000A	0002C8	     57C       0  CODE    
		text2           0002C8	00000B	0002D3	     590       0  CODE    
		text0           0002D3	00000D	0002E0	     5A6       0  CODE    
		text1           0002E0	00000D	0002ED	     5C0       0  CODE    
		text0           0002ED	000010	0002FD	     5DA       0  CODE    
		text0           0002FD	000010	00030D	     5FA       0  CODE    
		text1           00030D	000014	000321	     61A       0  CODE    
		text3           000321	000018	000339	     642       0  CODE    
		text4           000339	000018	000351	     672       0  CODE    
		text2           000351	000018	000369	     6A2       0  CODE    
		text2           000369	000028	000391	     6D2       0  CODE    
		text2           000391	000031	0003C2	     722       0  CODE    
		text1           0003C2	00003E	000400	     784       0  CODE    
		config          002007	000001	002008	    400E       0  CONFIG  


UNUSED ADDRESS RANGES

	BANK0            0029-004F
	CODE             0024-0275
	COMBANK          0029-004F
	CONST            0024-0275
	EEDATA           2100-21FF

                                  Symbol Table

?a_buff_pap         rbss_0      0023  ?a_delay            rbss_0      0023
?a_getch            rbss_0      0023  ?a_getche           rbss_0      0023
?a_hc595Data        rbss_0      0023  ?a_papMove          rbss_0      0023
?a_papMoveManual    rbss_0      0023  ?a_putch            rbss_0      0023
?a_srf04GetDistance rbss_0      0023  _Paso               rbss_0      0011
__Bnvbit_0          nvbit_0     0028  __Bnvbit_1          nvbit_1     0028
__Bnvbit_2          nvbit_2     0028  __Bnvbit_3          nvbit_3     0028
__Brbit_0           rbit_0      000D  __Brbit_1           rbit_1      0028
__Brbit_2           rbit_2      0028  __Brbit_3           rbit_3      0028
__H__Z00000RS_      __Z00000RS_ 0028  __Hclrtext          clrtext     0024
__Hcode             code        0028  __Hcommon_ram       common_ram  0028
__Hconfig           config      2008  __Heeprom_data      eeprom_data 2100
__Hend_init         end_init    001D  __Hfloat_text0      float_text0 0024
__Hfloat_text1      float_text1 0024  __Hfloat_text2      float_text2 0024
__Hfloat_text3      float_text3 0024  __Hfloat_text4      float_text4 0024
__Hidata_0          idata_0     0024  __Hidata_1          idata_1     0028
__Hidata_2          idata_2     0028  __Hidata_3          idata_3     0028
__Hidloc            idloc       2000  __Hinit             init        001B
__Hinit23           init23      001B  __Hintcode          intcode     0012
__Hintentry         intentry    0008  __Hintret           intret      0017
__Hintsave          intsave     0028  __Hintsave_0        intsave_0   000D
__Hintsave_1        intsave_1   0028  __Hintsave_2        intsave_2   0028
__Hintsave_3        intsave_3   0028  __Hnvbit_0          nvbit_0     0140
__Hnvbit_1          nvbit_1     0140  __Hnvbit_2          nvbit_2     0140
__Hnvbit_3          nvbit_3     0140  __Hnvram            nvram       0028
__Hnvram_1          nvram_1     0028  __Hnvram_2          nvram_2     0028
__Hnvram_3          nvram_3     0028  __Hpowerup          powerup     0004
__Hpstrings         pstrings    0024  __Hrbit_0           rbit_0      0068
__Hrbit_1           rbit_1      0140  __Hrbit_2           rbit_2      0140
__Hrbit_3           rbit_3      0140  __Hrbss_0           rbss_0      0026
__Hrbss_1           rbss_1      0028  __Hrbss_2           rbss_2      0028
__Hrbss_3           rbss_3      0028  __Hrdata_0          rdata_0     0026
__Hrdata_1          rdata_1     0028  __Hrdata_2          rdata_2     0028
__Hrdata_3          rdata_3     0028  __Hstrings          strings     0024
__Hstringtable      stringtable 0024  __Hstruct           struct      0029
__Htemp             temp        0028  __Htext             text        0028
__Hvectors          vectors     0024  __L__Z00000RS_      __Z00000RS_ 0028
__Lclrtext          clrtext     001D  __Lcode             code        0028
__Lcommon_ram       common_ram  0028  __Lconfig           config      2007
__Leeprom_data      eeprom_data 2100  __Lend_init         end_init    001B
__Lfloat_text0      float_text0 0024  __Lfloat_text1      float_text1 0024
__Lfloat_text2      float_text2 0024  __Lfloat_text3      float_text3 0024
__Lfloat_text4      float_text4 0024  __Lidata_0          idata_0     0024
__Lidata_1          idata_1     0028  __Lidata_2          idata_2     0028
__Lidata_3          idata_3     0028  __Lidloc            idloc       2000
__Linit             init        0017  __Linit23           init23      001B
__Lintcode          intcode     0008  __Lintentry         intentry    0004
__Lintret           intret      0012  __Lintsave          intsave     0028
__Lintsave_0        intsave_0   000C  __Lintsave_1        intsave_1   0028
__Lintsave_2        intsave_2   0028  __Lintsave_3        intsave_3   0028
__Lnvbit_0          nvbit_0     0140  __Lnvbit_1          nvbit_1     0140
__Lnvbit_2          nvbit_2     0140  __Lnvbit_3          nvbit_3     0140
__Lnvram            nvram       0028  __Lnvram_1          nvram_1     0028
__Lnvram_2          nvram_2     0028  __Lnvram_3          nvram_3     0028
__Lpowerup          powerup     0000  __Lpstrings         pstrings    0024
__Lrbit_0           rbit_0      0068  __Lrbit_1           rbit_1      0140
__Lrbit_2           rbit_2      0140  __Lrbit_3           rbit_3      0140
__Lrbss_0           rbss_0      000D  __Lrbss_1           rbss_1      0028
__Lrbss_2           rbss_2      0028  __Lrbss_3           rbss_3      0028
__Lrdata_0          rdata_0     0026  __Lrdata_1          rdata_1     0028
__Lrdata_2          rdata_2     0028  __Lrdata_3          rdata_3     0028
__Lstrings          strings     0024  __Lstringtable      stringtable 0024
__Lstruct           struct      0029  __Ltemp             temp        0026
__Ltext             text        0028  __Lvectors          vectors     0024
__S0                (abs)       2100  __S1                (abs)       0029
_buff_pap           text1       02AC  _ca                 rbss_0      0010
_d                  rbss_0      000E  _dSrf04             rbss_0      0021
_delay              text0       02D3  _exit               init        0017
_fpa                rbss_0      0020  _getch              text2       0351
_getche             text3       0298  _hc595Begin         text0       028C
_hc595Data          text2       0369  _hc595End           text3       02A5
_hc595Init          text1       02BE  _input              rbss_0      000D
_isr                intcode     0008  _ld                 rbss_0      0012
_loop               text1       0292  _m1Ciclo            rbss_0      0018
_m2Ciclo            rbss_0      0019  _main               text2       02B5
_pAnterior          rbss_0      001A  _papMove            text1       03C2
_papMoveManual      text3       0286  _papStop            text2       029E
_papX2Begin         text0       02ED  _pap_begin          text0       02FD
_pap_led_test       text6       027D  _pap_left           text3       0321
_pap_paso           text5       0276  _pap_right          text4       0339
_pap_stop           text2       02C8  _putch              text1       030D
_sM                 rbss_0      001B  _secuencia          rbss_0      0013
_serial_begin       text0       0279  _setup              text0       0281
_srf04Begin         text1       02E0  _srf04GetDistance   text2       0391
clear_bank0         init        0017  clear_ram           clrtext     0020
int_entry           intentry    0004  int_func            intcode     0008
int_restore         intret      0012  intlevel0           intentry    0004
intlevel1           intentry    0004  powerup             powerup     0000
start               init        0017  used_btemp0         (abs)       0001
used_btemp1         (abs)       0001  
